mongo-init-1  | Loading ZTF_alerts_aux collection with data from Mongo 8
mongo-init-1  | Archive file: /data/alerts/kowalski.ZTF_alerts_aux_mongo8.dump.gz
mongo-init-1  | -rw-r--r-- 1 root root 1.4G Mar 11 22:49 /data/alerts/kowalski.ZTF_alerts_aux_mongo8.dump.gz
mongo-init-1  | 2026-03-12T00:52:24.978+0000	preparing collections to restore from
mongo-init-1  | 2026-03-12T00:52:24.982+0000	reading metadata for kowalski.ZTF_alerts_aux from archive '/data/alerts/kowalski.ZTF_alerts_aux_mongo8.dump.gz'
mongo-init-1  | 2026-03-12T00:52:24.992+0000	restoring kowalski.ZTF_alerts_aux from archive '/data/alerts/kowalski.ZTF_alerts_aux_mongo8.dump.gz'
mongo-init-1  | 2026-03-12T00:52:27.972+0000	kowalski.ZTF_alerts_aux  462MB
mongo-init-1  | 2026-03-12T00:52:30.971+0000	kowalski.ZTF_alerts_aux  969MB
mongo-init-1  | 2026-03-12T00:52:33.971+0000	kowalski.ZTF_alerts_aux  1.41GB
mongo-init-1  | 2026-03-12T00:52:36.972+0000	kowalski.ZTF_alerts_aux  1.89GB
mongo-init-1  | 2026-03-12T00:52:39.970+0000	kowalski.ZTF_alerts_aux  2.36GB
mongo-init-1  | 2026-03-12T00:52:42.971+0000	kowalski.ZTF_alerts_aux  2.84GB
mongo-init-1  | 2026-03-12T00:52:45.972+0000	kowalski.ZTF_alerts_aux  3.30GB
mongo-init-1  | 2026-03-12T00:52:48.971+0000	kowalski.ZTF_alerts_aux  3.79GB
mongo-init-1  | 2026-03-12T00:52:51.970+0000	kowalski.ZTF_alerts_aux  4.24GB
mongo-init-1  | 2026-03-12T00:52:54.972+0000	kowalski.ZTF_alerts_aux  4.69GB
mongo-init-1  | 2026-03-12T00:52:57.971+0000	kowalski.ZTF_alerts_aux  5.15GB
mongo-init-1  | 2026-03-12T00:53:00.971+0000	kowalski.ZTF_alerts_aux  5.64GB
mongo-init-1  | 2026-03-12T00:53:03.971+0000	kowalski.ZTF_alerts_aux  6.09GB
mongo-init-1  | 2026-03-12T00:53:06.972+0000	kowalski.ZTF_alerts_aux  6.55GB
mongo-init-1  | 2026-03-12T00:53:09.970+0000	kowalski.ZTF_alerts_aux  6.99GB
mongo-init-1  | 2026-03-12T00:53:11.154+0000	kowalski.ZTF_alerts_aux  7.18GB
mongo-init-1  | 2026-03-12T00:53:11.154+0000	finished restoring kowalski.ZTF_alerts_aux (27948 documents, 0 failures)
mongo-init-1  | 2026-03-12T00:53:11.154+0000	no indexes to restore for collection kowalski.ZTF_alerts_aux
mongo-init-1  | 2026-03-12T00:53:11.155+0000	27948 document(s) restored successfully. 0 document(s) failed to restore.
mongo-init-1  | coordinates.radec_geojson_2dsphere
mongo-init-1  | Successfully loaded ZTF_alerts_aux collection with 27948 documents
mongo-init-1  | Exporting ZTF_alerts_aux collection to JSON
mongo-init-1  | 2026-03-12T00:53:12.316+0000	connected to: mongodb://[**REDACTED**]@mongo:27017/kowalski?authSource=admin
mongo-init-1  | 2026-03-12T00:53:13.318+0000	[........................]  kowalski.ZTF_alerts_aux  0/27948  (0.0%)
mongo-init-1  | 2026-03-12T00:53:14.317+0000	[........................]  kowalski.ZTF_alerts_aux  0/27948  (0.0%)
mongo-init-1  | 2026-03-12T00:53:15.318+0000	[........................]  kowalski.ZTF_alerts_aux  0/27948  (0.0%)
mongo-init-1  | 2026-03-12T00:53:16.317+0000	[........................]  kowalski.ZTF_alerts_aux  0/27948  (0.0%)
mongo-init-1  | 2026-03-12T00:53:17.318+0000	[........................]  kowalski.ZTF_alerts_aux  0/27948  (0.0%)
mongo-init-1  | 2026-03-12T00:53:18.319+0000	[........................]  kowalski.ZTF_alerts_aux  0/27948  (0.0%)
mongo-init-1  | 2026-03-12T00:53:19.319+0000	[........................]  kowalski.ZTF_alerts_aux  0/27948  (0.0%)
mongo-init-1  | 2026-03-12T00:53:20.318+0000	[........................]  kowalski.ZTF_alerts_aux  0/27948  (0.0%)
mongo-init-1  | 2026-03-12T00:53:21.319+0000	[........................]  kowalski.ZTF_alerts_aux  0/27948  (0.0%)
mongo-init-1  | 2026-03-12T00:53:22.317+0000	[........................]  kowalski.ZTF_alerts_aux  0/27948  (0.0%)
mongo-init-1  | 2026-03-12T00:53:23.318+0000	[........................]  kowalski.ZTF_alerts_aux  0/27948  (0.0%)
mongo-init-1  | 2026-03-12T00:53:24.318+0000	[........................]  kowalski.ZTF_alerts_aux  0/27948  (0.0%)
mongo-init-1  | 2026-03-12T00:53:25.317+0000	[........................]  kowalski.ZTF_alerts_aux  0/27948  (0.0%)
mongo-init-1  | 2026-03-12T00:53:26.319+0000	[........................]  kowalski.ZTF_alerts_aux  0/27948  (0.0%)
mongo-init-1  | 2026-03-12T00:53:27.319+0000	[........................]  kowalski.ZTF_alerts_aux  0/27948  (0.0%)
mongo-init-1  | 2026-03-12T00:53:28.317+0000	[........................]  kowalski.ZTF_alerts_aux  0/27948  (0.0%)
mongo-init-1  | 2026-03-12T00:53:29.318+0000	[........................]  kowalski.ZTF_alerts_aux  0/27948  (0.0%)
mongo-init-1  | 2026-03-12T00:53:30.317+0000	[........................]  kowalski.ZTF_alerts_aux  0/27948  (0.0%)
mongo-init-1  | 2026-03-12T00:53:31.318+0000	[........................]  kowalski.ZTF_alerts_aux  0/27948  (0.0%)
mongo-init-1  | 2026-03-12T00:53:32.318+0000	[........................]  kowalski.ZTF_alerts_aux  0/27948  (0.0%)
mongo-init-1  | 2026-03-12T00:53:33.317+0000	[........................]  kowalski.ZTF_alerts_aux  0/27948  (0.0%)
mongo-init-1  | 2026-03-12T00:53:34.317+0000	[........................]  kowalski.ZTF_alerts_aux  0/27948  (0.0%)
mongo-init-1  | 2026-03-12T00:53:35.317+0000	[........................]  kowalski.ZTF_alerts_aux  0/27948  (0.0%)
mongo-init-1  | 2026-03-12T00:53:36.322+0000	[........................]  kowalski.ZTF_alerts_aux  0/27948  (0.0%)
mongo-init-1  | 2026-03-12T00:53:37.317+0000	[........................]  kowalski.ZTF_alerts_aux  0/27948  (0.0%)
mongo-init-1  | 2026-03-12T00:53:38.318+0000	[........................]  kowalski.ZTF_alerts_aux  0/27948  (0.0%)
mongo-init-1  | 2026-03-12T00:53:39.318+0000	[........................]  kowalski.ZTF_alerts_aux  0/27948  (0.0%)
mongo-init-1  | 2026-03-12T00:53:40.319+0000	[........................]  kowalski.ZTF_alerts_aux  0/27948  (0.0%)
mongo-init-1  | 2026-03-12T00:53:41.321+0000	[........................]  kowalski.ZTF_alerts_aux  0/27948  (0.0%)
mongo-init-1  | 2026-03-12T00:53:42.318+0000	[........................]  kowalski.ZTF_alerts_aux  0/27948  (0.0%)
mongo-init-1  | 2026-03-12T00:53:43.318+0000	[........................]  kowalski.ZTF_alerts_aux  0/27948  (0.0%)
mongo-init-1  | 2026-03-12T00:53:44.318+0000	[........................]  kowalski.ZTF_alerts_aux  0/27948  (0.0%)
mongo-init-1  | 2026-03-12T00:53:45.318+0000	[........................]  kowalski.ZTF_alerts_aux  0/27948  (0.0%)
mongo-init-1  | 2026-03-12T00:53:46.318+0000	[........................]  kowalski.ZTF_alerts_aux  0/27948  (0.0%)
mongo-init-1  | 2026-03-12T00:53:47.319+0000	[........................]  kowalski.ZTF_alerts_aux  0/27948  (0.0%)
mongo-init-1  | 2026-03-12T00:53:48.319+0000	[........................]  kowalski.ZTF_alerts_aux  0/27948  (0.0%)
mongo-init-1  | 2026-03-12T00:53:49.320+0000	[........................]  kowalski.ZTF_alerts_aux  0/27948  (0.0%)
mongo-init-1  | 2026-03-12T00:53:50.318+0000	[........................]  kowalski.ZTF_alerts_aux  0/27948  (0.0%)
mongo-init-1  | 2026-03-12T00:53:51.319+0000	[........................]  kowalski.ZTF_alerts_aux  0/27948  (0.0%)
mongo-init-1  | 2026-03-12T00:53:52.318+0000	[........................]  kowalski.ZTF_alerts_aux  0/27948  (0.0%)
mongo-init-1  | 2026-03-12T00:53:53.319+0000	[........................]  kowalski.ZTF_alerts_aux  0/27948  (0.0%)
mongo-init-1  | 2026-03-12T00:53:54.321+0000	[........................]  kowalski.ZTF_alerts_aux  0/27948  (0.0%)
mongo-init-1  | 2026-03-12T00:53:55.318+0000	[........................]  kowalski.ZTF_alerts_aux  0/27948  (0.0%)
mongo-init-1  | 2026-03-12T00:53:56.318+0000	[........................]  kowalski.ZTF_alerts_aux  0/27948  (0.0%)
mongo-init-1  | 2026-03-12T00:53:57.323+0000	[........................]  kowalski.ZTF_alerts_aux  0/27948  (0.0%)
mongo-init-1  | 2026-03-12T00:53:58.320+0000	[........................]  kowalski.ZTF_alerts_aux  0/27948  (0.0%)
mongo-init-1  | 2026-03-12T00:53:59.317+0000	[........................]  kowalski.ZTF_alerts_aux  0/27948  (0.0%)
mongo-init-1  | 2026-03-12T00:54:00.318+0000	[........................]  kowalski.ZTF_alerts_aux  0/27948  (0.0%)
mongo-init-1  | 2026-03-12T00:54:01.321+0000	[........................]  kowalski.ZTF_alerts_aux  0/27948  (0.0%)
mongo-init-1  | 2026-03-12T00:54:02.318+0000	[........................]  kowalski.ZTF_alerts_aux  0/27948  (0.0%)
mongo-init-1  | 2026-03-12T00:54:03.318+0000	[........................]  kowalski.ZTF_alerts_aux  0/27948  (0.0%)
mongo-init-1  | 2026-03-12T00:54:04.321+0000	[........................]  kowalski.ZTF_alerts_aux  0/27948  (0.0%)
mongo-init-1  | 2026-03-12T00:54:05.318+0000	[........................]  kowalski.ZTF_alerts_aux  0/27948  (0.0%)
mongo-init-1  | 2026-03-12T00:54:06.319+0000	[........................]  kowalski.ZTF_alerts_aux  0/27948  (0.0%)
mongo-init-1  | 2026-03-12T00:54:07.318+0000	[........................]  kowalski.ZTF_alerts_aux  0/27948  (0.0%)
mongo-init-1  | 2026-03-12T00:54:08.318+0000	[........................]  kowalski.ZTF_alerts_aux  0/27948  (0.0%)
mongo-init-1  | 2026-03-12T00:54:09.318+0000	[........................]  kowalski.ZTF_alerts_aux  0/27948  (0.0%)
mongo-init-1  | 2026-03-12T00:54:10.321+0000	[........................]  kowalski.ZTF_alerts_aux  0/27948  (0.0%)
mongo-init-1  | 2026-03-12T00:54:11.318+0000	[........................]  kowalski.ZTF_alerts_aux  0/27948  (0.0%)
mongo-init-1  | 2026-03-12T00:54:12.318+0000	[........................]  kowalski.ZTF_alerts_aux  0/27948  (0.0%)
mongo-init-1  | 2026-03-12T00:54:13.322+0000	[........................]  kowalski.ZTF_alerts_aux  0/27948  (0.0%)
mongo-init-1  | 2026-03-12T00:54:14.318+0000	[........................]  kowalski.ZTF_alerts_aux  0/27948  (0.0%)
mongo-init-1  | 2026-03-12T00:54:15.319+0000	[........................]  kowalski.ZTF_alerts_aux  0/27948  (0.0%)
mongo-init-1  | 2026-03-12T00:54:16.322+0000	[........................]  kowalski.ZTF_alerts_aux  0/27948  (0.0%)
mongo-init-1  | 2026-03-12T00:54:17.318+0000	[........................]  kowalski.ZTF_alerts_aux  0/27948  (0.0%)
mongo-init-1  | 2026-03-12T00:54:18.319+0000	[........................]  kowalski.ZTF_alerts_aux  0/27948  (0.0%)
mongo-init-1  | 2026-03-12T00:54:19.318+0000	[........................]  kowalski.ZTF_alerts_aux  0/27948  (0.0%)
mongo-init-1  | 2026-03-12T00:54:20.318+0000	[........................]  kowalski.ZTF_alerts_aux  0/27948  (0.0%)
mongo-init-1  | 2026-03-12T00:54:21.320+0000	[........................]  kowalski.ZTF_alerts_aux  0/27948  (0.0%)
mongo-init-1  | 2026-03-12T00:54:22.318+0000	[........................]  kowalski.ZTF_alerts_aux  0/27948  (0.0%)
mongo-init-1  | 2026-03-12T00:54:23.319+0000	[........................]  kowalski.ZTF_alerts_aux  0/27948  (0.0%)
mongo-init-1  | 2026-03-12T00:54:24.318+0000	[........................]  kowalski.ZTF_alerts_aux  0/27948  (0.0%)
mongo-init-1  | 2026-03-12T00:54:25.318+0000	[........................]  kowalski.ZTF_alerts_aux  0/27948  (0.0%)
mongo-init-1  | 2026-03-12T00:54:26.319+0000	[........................]  kowalski.ZTF_alerts_aux  0/27948  (0.0%)
mongo-init-1  | 2026-03-12T00:54:27.318+0000	[........................]  kowalski.ZTF_alerts_aux  0/27948  (0.0%)
mongo-init-1  | 2026-03-12T00:54:28.321+0000	[........................]  kowalski.ZTF_alerts_aux  0/27948  (0.0%)
mongo-init-1  | 2026-03-12T00:54:29.318+0000	[........................]  kowalski.ZTF_alerts_aux  0/27948  (0.0%)
mongo-init-1  | 2026-03-12T00:54:30.319+0000	[........................]  kowalski.ZTF_alerts_aux  0/27948  (0.0%)
mongo-init-1  | 2026-03-12T00:54:31.321+0000	[........................]  kowalski.ZTF_alerts_aux  0/27948  (0.0%)
mongo-init-1  | 2026-03-12T00:54:32.318+0000	[........................]  kowalski.ZTF_alerts_aux  0/27948  (0.0%)
mongo-init-1  | 2026-03-12T00:54:33.320+0000	[........................]  kowalski.ZTF_alerts_aux  0/27948  (0.0%)
mongo-init-1  | 2026-03-12T00:54:34.320+0000	[........................]  kowalski.ZTF_alerts_aux  0/27948  (0.0%)
mongo-init-1  | 2026-03-12T00:54:35.320+0000	[........................]  kowalski.ZTF_alerts_aux  0/27948  (0.0%)
mongo-init-1  | 2026-03-12T00:54:36.318+0000	[........................]  kowalski.ZTF_alerts_aux  0/27948  (0.0%)
mongo-init-1  | 2026-03-12T00:54:37.318+0000	[........................]  kowalski.ZTF_alerts_aux  0/27948  (0.0%)
mongo-init-1  | 2026-03-12T00:54:38.319+0000	[........................]  kowalski.ZTF_alerts_aux  0/27948  (0.0%)
mongo-init-1  | 2026-03-12T00:54:39.318+0000	[........................]  kowalski.ZTF_alerts_aux  0/27948  (0.0%)
mongo-init-1  | 2026-03-12T00:54:40.318+0000	[........................]  kowalski.ZTF_alerts_aux  0/27948  (0.0%)
mongo-init-1  | 2026-03-12T00:54:41.318+0000	[........................]  kowalski.ZTF_alerts_aux  0/27948  (0.0%)
mongo-init-1  | 2026-03-12T00:54:42.318+0000	[........................]  kowalski.ZTF_alerts_aux  0/27948  (0.0%)
mongo-init-1  | 2026-03-12T00:54:43.319+0000	[........................]  kowalski.ZTF_alerts_aux  0/27948  (0.0%)
mongo-init-1  | 2026-03-12T00:54:44.320+0000	[........................]  kowalski.ZTF_alerts_aux  0/27948  (0.0%)
mongo-init-1  | 2026-03-12T00:54:45.319+0000	[........................]  kowalski.ZTF_alerts_aux  0/27948  (0.0%)
mongo-init-1  | 2026-03-12T00:54:46.319+0000	[........................]  kowalski.ZTF_alerts_aux  0/27948  (0.0%)
mongo-init-1  | 2026-03-12T00:54:47.318+0000	[........................]  kowalski.ZTF_alerts_aux  0/27948  (0.0%)
mongo-init-1  | 2026-03-12T00:54:48.320+0000	[........................]  kowalski.ZTF_alerts_aux  0/27948  (0.0%)
mongo-init-1  | 2026-03-12T00:54:49.319+0000	[........................]  kowalski.ZTF_alerts_aux  0/27948  (0.0%)
mongo-init-1  | 2026-03-12T00:54:50.318+0000	[........................]  kowalski.ZTF_alerts_aux  0/27948  (0.0%)
mongo-init-1  | 2026-03-12T00:54:51.318+0000	[........................]  kowalski.ZTF_alerts_aux  0/27948  (0.0%)
mongo-init-1  | 2026-03-12T00:54:52.318+0000	[........................]  kowalski.ZTF_alerts_aux  0/27948  (0.0%)
mongo-init-1  | 2026-03-12T00:54:53.319+0000	[........................]  kowalski.ZTF_alerts_aux  0/27948  (0.0%)
mongo-init-1  | 2026-03-12T00:54:54.318+0000	[........................]  kowalski.ZTF_alerts_aux  0/27948  (0.0%)
mongo-init-1  | 2026-03-12T00:54:55.318+0000	[........................]  kowalski.ZTF_alerts_aux  0/27948  (0.0%)
mongo-init-1  | 2026-03-12T00:54:56.318+0000	[........................]  kowalski.ZTF_alerts_aux  0/27948  (0.0%)
mongo-init-1  | 2026-03-12T00:54:57.318+0000	[........................]  kowalski.ZTF_alerts_aux  0/27948  (0.0%)
mongo-init-1  | 2026-03-12T00:54:58.322+0000	[........................]  kowalski.ZTF_alerts_aux  0/27948  (0.0%)
mongo-init-1  | 2026-03-12T00:54:59.321+0000	[........................]  kowalski.ZTF_alerts_aux  0/27948  (0.0%)
mongo-init-1  | 2026-03-12T00:55:00.320+0000	[........................]  kowalski.ZTF_alerts_aux  0/27948  (0.0%)
mongo-init-1  | 2026-03-12T00:55:01.322+0000	[........................]  kowalski.ZTF_alerts_aux  0/27948  (0.0%)
mongo-init-1  | 2026-03-12T00:55:02.318+0000	[........................]  kowalski.ZTF_alerts_aux  0/27948  (0.0%)
mongo-init-1  | 2026-03-12T00:55:03.318+0000	[........................]  kowalski.ZTF_alerts_aux  0/27948  (0.0%)
mongo-init-1  | 2026-03-12T00:55:04.322+0000	[........................]  kowalski.ZTF_alerts_aux  0/27948  (0.0%)
mongo-init-1  | 2026-03-12T00:55:05.319+0000	[........................]  kowalski.ZTF_alerts_aux  0/27948  (0.0%)
mongo-init-1  | 2026-03-12T00:55:06.318+0000	[........................]  kowalski.ZTF_alerts_aux  0/27948  (0.0%)
mongo-init-1  | 2026-03-12T00:55:07.319+0000	[........................]  kowalski.ZTF_alerts_aux  0/27948  (0.0%)
mongo-init-1  | 2026-03-12T00:55:08.318+0000	[........................]  kowalski.ZTF_alerts_aux  0/27948  (0.0%)
mongo-init-1  | 2026-03-12T00:55:09.318+0000	[........................]  kowalski.ZTF_alerts_aux  0/27948  (0.0%)
mongo-init-1  | 2026-03-12T00:55:10.318+0000	[........................]  kowalski.ZTF_alerts_aux  0/27948  (0.0%)
mongo-init-1  | 2026-03-12T00:55:11.324+0000	[........................]  kowalski.ZTF_alerts_aux  0/27948  (0.0%)
mongo-init-1  | 2026-03-12T00:55:12.318+0000	[........................]  kowalski.ZTF_alerts_aux  0/27948  (0.0%)
mongo-init-1  | 2026-03-12T00:55:13.320+0000	[........................]  kowalski.ZTF_alerts_aux  0/27948  (0.0%)
mongo-init-1  | 2026-03-12T00:55:14.320+0000	[........................]  kowalski.ZTF_alerts_aux  0/27948  (0.0%)
mongo-init-1  | 2026-03-12T00:55:15.319+0000	[........................]  kowalski.ZTF_alerts_aux  0/27948  (0.0%)
mongo-init-1  | 2026-03-12T00:55:16.318+0000	[........................]  kowalski.ZTF_alerts_aux  0/27948  (0.0%)
mongo-init-1  | 2026-03-12T00:55:17.320+0000	[........................]  kowalski.ZTF_alerts_aux  0/27948  (0.0%)
mongo-init-1  | 2026-03-12T00:55:18.318+0000	[........................]  kowalski.ZTF_alerts_aux  0/27948  (0.0%)
mongo-init-1  | 2026-03-12T00:55:19.319+0000	[........................]  kowalski.ZTF_alerts_aux  0/27948  (0.0%)
mongo-init-1  | 2026-03-12T00:55:20.319+0000	[........................]  kowalski.ZTF_alerts_aux  0/27948  (0.0%)
mongo-init-1  | 2026-03-12T00:55:21.319+0000	[........................]  kowalski.ZTF_alerts_aux  0/27948  (0.0%)
mongo-init-1  | 2026-03-12T00:55:22.320+0000	[........................]  kowalski.ZTF_alerts_aux  0/27948  (0.0%)
mongo-init-1  | 2026-03-12T00:55:23.319+0000	[........................]  kowalski.ZTF_alerts_aux  0/27948  (0.0%)
mongo-init-1  | 2026-03-12T00:55:24.318+0000	[........................]  kowalski.ZTF_alerts_aux  0/27948  (0.0%)
mongo-init-1  | 2026-03-12T00:55:25.318+0000	[........................]  kowalski.ZTF_alerts_aux  0/27948  (0.0%)
mongo-init-1  | 2026-03-12T00:55:26.318+0000	[........................]  kowalski.ZTF_alerts_aux  0/27948  (0.0%)
mongo-init-1  | 2026-03-12T00:55:27.319+0000	[######..................]  kowalski.ZTF_alerts_aux  8000/27948  (28.6%)
mongo-init-1  | 2026-03-12T00:55:28.318+0000	[######..................]  kowalski.ZTF_alerts_aux  8000/27948  (28.6%)
mongo-init-1  | 2026-03-12T00:55:29.320+0000	[######..................]  kowalski.ZTF_alerts_aux  8000/27948  (28.6%)
mongo-init-1  | 2026-03-12T00:55:30.319+0000	[######..................]  kowalski.ZTF_alerts_aux  8000/27948  (28.6%)
mongo-init-1  | 2026-03-12T00:55:31.319+0000	[######..................]  kowalski.ZTF_alerts_aux  8000/27948  (28.6%)
mongo-init-1  | 2026-03-12T00:55:32.320+0000	[######..................]  kowalski.ZTF_alerts_aux  8000/27948  (28.6%)
mongo-init-1  | 2026-03-12T00:55:33.323+0000	[######..................]  kowalski.ZTF_alerts_aux  8000/27948  (28.6%)
mongo-init-1  | 2026-03-12T00:55:34.318+0000	[######..................]  kowalski.ZTF_alerts_aux  8000/27948  (28.6%)
mongo-init-1  | 2026-03-12T00:55:35.319+0000	[######..................]  kowalski.ZTF_alerts_aux  8000/27948  (28.6%)
mongo-init-1  | 2026-03-12T00:55:36.319+0000	[######..................]  kowalski.ZTF_alerts_aux  8000/27948  (28.6%)
mongo-init-1  | 2026-03-12T00:55:37.318+0000	[######..................]  kowalski.ZTF_alerts_aux  8000/27948  (28.6%)
mongo-init-1  | 2026-03-12T00:55:38.318+0000	[######..................]  kowalski.ZTF_alerts_aux  8000/27948  (28.6%)
mongo-init-1  | 2026-03-12T00:55:39.319+0000	[######..................]  kowalski.ZTF_alerts_aux  8000/27948  (28.6%)
mongo-init-1  | 2026-03-12T00:55:40.321+0000	[######..................]  kowalski.ZTF_alerts_aux  8000/27948  (28.6%)
mongo-init-1  | 2026-03-12T00:55:41.320+0000	[######..................]  kowalski.ZTF_alerts_aux  8000/27948  (28.6%)
mongo-init-1  | 2026-03-12T00:55:42.318+0000	[######..................]  kowalski.ZTF_alerts_aux  8000/27948  (28.6%)
mongo-init-1  | 2026-03-12T00:55:43.318+0000	[######..................]  kowalski.ZTF_alerts_aux  8000/27948  (28.6%)
mongo-init-1  | 2026-03-12T00:55:44.318+0000	[######..................]  kowalski.ZTF_alerts_aux  8000/27948  (28.6%)
mongo-init-1  | 2026-03-12T00:55:45.319+0000	[######..................]  kowalski.ZTF_alerts_aux  8000/27948  (28.6%)
mongo-init-1  | 2026-03-12T00:55:46.319+0000	[######..................]  kowalski.ZTF_alerts_aux  8000/27948  (28.6%)
mongo-init-1  | 2026-03-12T00:55:47.322+0000	[######..................]  kowalski.ZTF_alerts_aux  8000/27948  (28.6%)
mongo-init-1  | 2026-03-12T00:55:48.323+0000	[######..................]  kowalski.ZTF_alerts_aux  8000/27948  (28.6%)
mongo-init-1  | 2026-03-12T00:55:49.323+0000	[######..................]  kowalski.ZTF_alerts_aux  8000/27948  (28.6%)
mongo-init-1  | 2026-03-12T00:55:50.323+0000	[######..................]  kowalski.ZTF_alerts_aux  8000/27948  (28.6%)
mongo-init-1  | 2026-03-12T00:55:51.318+0000	[######..................]  kowalski.ZTF_alerts_aux  8000/27948  (28.6%)
mongo-init-1  | 2026-03-12T00:55:52.319+0000	[######..................]  kowalski.ZTF_alerts_aux  8000/27948  (28.6%)
mongo-init-1  | 2026-03-12T00:55:53.322+0000	[######..................]  kowalski.ZTF_alerts_aux  8000/27948  (28.6%)
mongo-init-1  | 2026-03-12T00:55:54.323+0000	[######..................]  kowalski.ZTF_alerts_aux  8000/27948  (28.6%)
mongo-init-1  | 2026-03-12T00:55:55.318+0000	[######..................]  kowalski.ZTF_alerts_aux  8000/27948  (28.6%)
mongo-init-1  | 2026-03-12T00:55:56.319+0000	[######..................]  kowalski.ZTF_alerts_aux  8000/27948  (28.6%)
mongo-init-1  | 2026-03-12T00:55:57.319+0000	[######..................]  kowalski.ZTF_alerts_aux  8000/27948  (28.6%)
mongo-init-1  | 2026-03-12T00:55:58.319+0000	[######..................]  kowalski.ZTF_alerts_aux  8000/27948  (28.6%)
mongo-init-1  | 2026-03-12T00:55:59.319+0000	[######..................]  kowalski.ZTF_alerts_aux  8000/27948  (28.6%)
mongo-init-1  | 2026-03-12T00:56:00.320+0000	[######..................]  kowalski.ZTF_alerts_aux  8000/27948  (28.6%)
mongo-init-1  | 2026-03-12T00:56:01.323+0000	[######..................]  kowalski.ZTF_alerts_aux  8000/27948  (28.6%)
mongo-init-1  | 2026-03-12T00:56:02.318+0000	[######..................]  kowalski.ZTF_alerts_aux  8000/27948  (28.6%)
mongo-init-1  | 2026-03-12T00:56:03.318+0000	[######..................]  kowalski.ZTF_alerts_aux  8000/27948  (28.6%)
mongo-init-1  | 2026-03-12T00:56:04.318+0000	[######..................]  kowalski.ZTF_alerts_aux  8000/27948  (28.6%)
mongo-init-1  | 2026-03-12T00:56:05.318+0000	[######..................]  kowalski.ZTF_alerts_aux  8000/27948  (28.6%)
mongo-init-1  | 2026-03-12T00:56:06.318+0000	[######..................]  kowalski.ZTF_alerts_aux  8000/27948  (28.6%)
mongo-init-1  | 2026-03-12T00:56:07.318+0000	[######..................]  kowalski.ZTF_alerts_aux  8000/27948  (28.6%)
mongo-init-1  | 2026-03-12T00:56:08.318+0000	[######..................]  kowalski.ZTF_alerts_aux  8000/27948  (28.6%)
mongo-init-1  | 2026-03-12T00:56:09.322+0000	[######..................]  kowalski.ZTF_alerts_aux  8000/27948  (28.6%)
mongo-init-1  | 2026-03-12T00:56:10.320+0000	[######..................]  kowalski.ZTF_alerts_aux  8000/27948  (28.6%)
mongo-init-1  | 2026-03-12T00:56:11.319+0000	[######..................]  kowalski.ZTF_alerts_aux  8000/27948  (28.6%)
mongo-init-1  | 2026-03-12T00:56:12.318+0000	[######..................]  kowalski.ZTF_alerts_aux  8000/27948  (28.6%)
mongo-init-1  | 2026-03-12T00:56:13.320+0000	[######..................]  kowalski.ZTF_alerts_aux  8000/27948  (28.6%)
mongo-init-1  | 2026-03-12T00:56:14.318+0000	[######..................]  kowalski.ZTF_alerts_aux  8000/27948  (28.6%)
mongo-init-1  | 2026-03-12T00:56:15.319+0000	[######..................]  kowalski.ZTF_alerts_aux  8000/27948  (28.6%)
mongo-init-1  | 2026-03-12T00:56:16.318+0000	[######..................]  kowalski.ZTF_alerts_aux  8000/27948  (28.6%)
mongo-init-1  | 2026-03-12T00:56:17.318+0000	[######..................]  kowalski.ZTF_alerts_aux  8000/27948  (28.6%)
mongo-init-1  | 2026-03-12T00:56:18.322+0000	[######..................]  kowalski.ZTF_alerts_aux  8000/27948  (28.6%)
mongo-init-1  | 2026-03-12T00:56:19.323+0000	[######..................]  kowalski.ZTF_alerts_aux  8000/27948  (28.6%)
mongo-init-1  | 2026-03-12T00:56:20.318+0000	[######..................]  kowalski.ZTF_alerts_aux  8000/27948  (28.6%)
mongo-init-1  | 2026-03-12T00:56:21.318+0000	[######..................]  kowalski.ZTF_alerts_aux  8000/27948  (28.6%)
mongo-init-1  | 2026-03-12T00:56:22.319+0000	[######..................]  kowalski.ZTF_alerts_aux  8000/27948  (28.6%)
mongo-init-1  | 2026-03-12T00:56:23.323+0000	[######..................]  kowalski.ZTF_alerts_aux  8000/27948  (28.6%)
mongo-init-1  | 2026-03-12T00:56:24.319+0000	[######..................]  kowalski.ZTF_alerts_aux  8000/27948  (28.6%)
mongo-init-1  | 2026-03-12T00:56:25.318+0000	[######..................]  kowalski.ZTF_alerts_aux  8000/27948  (28.6%)
mongo-init-1  | 2026-03-12T00:56:26.318+0000	[######..................]  kowalski.ZTF_alerts_aux  8000/27948  (28.6%)
mongo-init-1  | 2026-03-12T00:56:27.318+0000	[######..................]  kowalski.ZTF_alerts_aux  8000/27948  (28.6%)
mongo-init-1  | 2026-03-12T00:56:28.319+0000	[######..................]  kowalski.ZTF_alerts_aux  8000/27948  (28.6%)
mongo-init-1  | 2026-03-12T00:56:29.323+0000	[######..................]  kowalski.ZTF_alerts_aux  8000/27948  (28.6%)
mongo-init-1  | 2026-03-12T00:56:30.320+0000	[######..................]  kowalski.ZTF_alerts_aux  8000/27948  (28.6%)
mongo-init-1  | 2026-03-12T00:56:31.323+0000	[######..................]  kowalski.ZTF_alerts_aux  8000/27948  (28.6%)
mongo-init-1  | 2026-03-12T00:56:32.320+0000	[######..................]  kowalski.ZTF_alerts_aux  8000/27948  (28.6%)
mongo-init-1  | 2026-03-12T00:56:33.323+0000	[######..................]  kowalski.ZTF_alerts_aux  8000/27948  (28.6%)
mongo-init-1  | 2026-03-12T00:56:34.320+0000	[######..................]  kowalski.ZTF_alerts_aux  8000/27948  (28.6%)
mongo-init-1  | 2026-03-12T00:56:35.318+0000	[######..................]  kowalski.ZTF_alerts_aux  8000/27948  (28.6%)
mongo-init-1  | 2026-03-12T00:56:36.319+0000	[######..................]  kowalski.ZTF_alerts_aux  8000/27948  (28.6%)
mongo-init-1  | 2026-03-12T00:56:37.319+0000	[######..................]  kowalski.ZTF_alerts_aux  8000/27948  (28.6%)
mongo-init-1  | 2026-03-12T00:56:38.322+0000	[######..................]  kowalski.ZTF_alerts_aux  8000/27948  (28.6%)
mongo-init-1  | 2026-03-12T00:56:39.322+0000	[######..................]  kowalski.ZTF_alerts_aux  8000/27948  (28.6%)
mongo-init-1  | 2026-03-12T00:56:40.318+0000	[######..................]  kowalski.ZTF_alerts_aux  8000/27948  (28.6%)
mongo-init-1  | 2026-03-12T00:56:41.321+0000	[######..................]  kowalski.ZTF_alerts_aux  8000/27948  (28.6%)
mongo-init-1  | 2026-03-12T00:56:42.319+0000	[######..................]  kowalski.ZTF_alerts_aux  8000/27948  (28.6%)
mongo-init-1  | 2026-03-12T00:56:43.319+0000	[######..................]  kowalski.ZTF_alerts_aux  8000/27948  (28.6%)
mongo-init-1  | 2026-03-12T00:56:44.322+0000	[######..................]  kowalski.ZTF_alerts_aux  8000/27948  (28.6%)
mongo-init-1  | 2026-03-12T00:56:45.318+0000	[######..................]  kowalski.ZTF_alerts_aux  8000/27948  (28.6%)
mongo-init-1  | 2026-03-12T00:56:46.319+0000	[######..................]  kowalski.ZTF_alerts_aux  8000/27948  (28.6%)
mongo-init-1  | 2026-03-12T00:56:47.318+0000	[######..................]  kowalski.ZTF_alerts_aux  8000/27948  (28.6%)
mongo-init-1  | 2026-03-12T00:56:48.319+0000	[######..................]  kowalski.ZTF_alerts_aux  8000/27948  (28.6%)
mongo-init-1  | 2026-03-12T00:56:49.319+0000	[######..................]  kowalski.ZTF_alerts_aux  8000/27948  (28.6%)
mongo-init-1  | 2026-03-12T00:56:50.321+0000	[######..................]  kowalski.ZTF_alerts_aux  8000/27948  (28.6%)
mongo-init-1  | 2026-03-12T00:56:51.319+0000	[######..................]  kowalski.ZTF_alerts_aux  8000/27948  (28.6%)
mongo-init-1  | 2026-03-12T00:56:52.321+0000	[######..................]  kowalski.ZTF_alerts_aux  8000/27948  (28.6%)
mongo-init-1  | 2026-03-12T00:56:53.318+0000	[######..................]  kowalski.ZTF_alerts_aux  8000/27948  (28.6%)
mongo-init-1  | 2026-03-12T00:56:54.319+0000	[######..................]  kowalski.ZTF_alerts_aux  8000/27948  (28.6%)
mongo-init-1  | 2026-03-12T00:56:55.320+0000	[######..................]  kowalski.ZTF_alerts_aux  8000/27948  (28.6%)
mongo-init-1  | 2026-03-12T00:56:56.319+0000	[######..................]  kowalski.ZTF_alerts_aux  8000/27948  (28.6%)
mongo-init-1  | 2026-03-12T00:56:57.319+0000	[######..................]  kowalski.ZTF_alerts_aux  8000/27948  (28.6%)
mongo-init-1  | 2026-03-12T00:56:58.320+0000	[######..................]  kowalski.ZTF_alerts_aux  8000/27948  (28.6%)
mongo-init-1  | 2026-03-12T00:56:59.319+0000	[######..................]  kowalski.ZTF_alerts_aux  8000/27948  (28.6%)
mongo-init-1  | 2026-03-12T00:57:00.320+0000	[######..................]  kowalski.ZTF_alerts_aux  8000/27948  (28.6%)
mongo-init-1  | 2026-03-12T00:57:01.322+0000	[######..................]  kowalski.ZTF_alerts_aux  8000/27948  (28.6%)
mongo-init-1  | 2026-03-12T00:57:02.319+0000	[######..................]  kowalski.ZTF_alerts_aux  8000/27948  (28.6%)
mongo-init-1  | 2026-03-12T00:57:03.319+0000	[######..................]  kowalski.ZTF_alerts_aux  8000/27948  (28.6%)
mongo-init-1  | 2026-03-12T00:57:04.322+0000	[######..................]  kowalski.ZTF_alerts_aux  8000/27948  (28.6%)
mongo-init-1  | 2026-03-12T00:57:05.319+0000	[######..................]  kowalski.ZTF_alerts_aux  8000/27948  (28.6%)
mongo-init-1  | 2026-03-12T00:57:06.319+0000	[######..................]  kowalski.ZTF_alerts_aux  8000/27948  (28.6%)
mongo-init-1  | 2026-03-12T00:57:07.320+0000	[######..................]  kowalski.ZTF_alerts_aux  8000/27948  (28.6%)
mongo-init-1  | 2026-03-12T00:57:08.320+0000	[######..................]  kowalski.ZTF_alerts_aux  8000/27948  (28.6%)
mongo-init-1  | 2026-03-12T00:57:09.318+0000	[######..................]  kowalski.ZTF_alerts_aux  8000/27948  (28.6%)
mongo-init-1  | 2026-03-12T00:57:10.319+0000	[######..................]  kowalski.ZTF_alerts_aux  8000/27948  (28.6%)
mongo-init-1  | 2026-03-12T00:57:11.322+0000	[######..................]  kowalski.ZTF_alerts_aux  8000/27948  (28.6%)
mongo-init-1  | 2026-03-12T00:57:12.319+0000	[######..................]  kowalski.ZTF_alerts_aux  8000/27948  (28.6%)
mongo-init-1  | 2026-03-12T00:57:13.320+0000	[######..................]  kowalski.ZTF_alerts_aux  8000/27948  (28.6%)
mongo-init-1  | 2026-03-12T00:57:14.324+0000	[######..................]  kowalski.ZTF_alerts_aux  8000/27948  (28.6%)
mongo-init-1  | 2026-03-12T00:57:15.319+0000	[######..................]  kowalski.ZTF_alerts_aux  8000/27948  (28.6%)
mongo-init-1  | 2026-03-12T00:57:16.321+0000	[######..................]  kowalski.ZTF_alerts_aux  8000/27948  (28.6%)
mongo-init-1  | 2026-03-12T00:57:17.321+0000	[######..................]  kowalski.ZTF_alerts_aux  8000/27948  (28.6%)
mongo-init-1  | 2026-03-12T00:57:18.320+0000	[######..................]  kowalski.ZTF_alerts_aux  8000/27948  (28.6%)
mongo-init-1  | 2026-03-12T00:57:19.318+0000	[######..................]  kowalski.ZTF_alerts_aux  8000/27948  (28.6%)
mongo-init-1  | 2026-03-12T00:57:20.323+0000	[######..................]  kowalski.ZTF_alerts_aux  8000/27948  (28.6%)
mongo-init-1  | 2026-03-12T00:57:21.319+0000	[######..................]  kowalski.ZTF_alerts_aux  8000/27948  (28.6%)
mongo-init-1  | 2026-03-12T00:57:22.318+0000	[######..................]  kowalski.ZTF_alerts_aux  8000/27948  (28.6%)
mongo-init-1  | 2026-03-12T00:57:23.319+0000	[######..................]  kowalski.ZTF_alerts_aux  8000/27948  (28.6%)
mongo-init-1  | 2026-03-12T00:57:24.319+0000	[######..................]  kowalski.ZTF_alerts_aux  8000/27948  (28.6%)
mongo-init-1  | 2026-03-12T00:57:25.319+0000	[######..................]  kowalski.ZTF_alerts_aux  8000/27948  (28.6%)
mongo-init-1  | 2026-03-12T00:57:26.357+0000	[######..................]  kowalski.ZTF_alerts_aux  8000/27948  (28.6%)
mongo-init-1  | 2026-03-12T00:57:27.318+0000	[######..................]  kowalski.ZTF_alerts_aux  8000/27948  (28.6%)
mongo-init-1  | 2026-03-12T00:57:28.323+0000	[######..................]  kowalski.ZTF_alerts_aux  8000/27948  (28.6%)
mongo-init-1  | 2026-03-12T00:57:29.319+0000	[######..................]  kowalski.ZTF_alerts_aux  8000/27948  (28.6%)
mongo-init-1  | 2026-03-12T00:57:30.323+0000	[######..................]  kowalski.ZTF_alerts_aux  8000/27948  (28.6%)
mongo-init-1  | 2026-03-12T00:57:31.323+0000	[######..................]  kowalski.ZTF_alerts_aux  8000/27948  (28.6%)
mongo-init-1  | 2026-03-12T00:57:32.319+0000	[######..................]  kowalski.ZTF_alerts_aux  8000/27948  (28.6%)
mongo-init-1  | 2026-03-12T00:57:33.318+0000	[######..................]  kowalski.ZTF_alerts_aux  8000/27948  (28.6%)
mongo-init-1  | 2026-03-12T00:57:34.318+0000	[######..................]  kowalski.ZTF_alerts_aux  8000/27948  (28.6%)
mongo-init-1  | 2026-03-12T00:57:35.319+0000	[######..................]  kowalski.ZTF_alerts_aux  8000/27948  (28.6%)
mongo-init-1  | 2026-03-12T00:57:36.319+0000	[######..................]  kowalski.ZTF_alerts_aux  8000/27948  (28.6%)
mongo-init-1  | 2026-03-12T00:57:37.323+0000	[######..................]  kowalski.ZTF_alerts_aux  8000/27948  (28.6%)
mongo-init-1  | 2026-03-12T00:57:38.319+0000	[######..................]  kowalski.ZTF_alerts_aux  8000/27948  (28.6%)
mongo-init-1  | 2026-03-12T00:57:39.319+0000	[######..................]  kowalski.ZTF_alerts_aux  8000/27948  (28.6%)
mongo-init-1  | 2026-03-12T00:57:40.319+0000	[######..................]  kowalski.ZTF_alerts_aux  8000/27948  (28.6%)
mongo-init-1  | 2026-03-12T00:57:41.321+0000	[######..................]  kowalski.ZTF_alerts_aux  8000/27948  (28.6%)
mongo-init-1  | 2026-03-12T00:57:42.319+0000	[######..................]  kowalski.ZTF_alerts_aux  8000/27948  (28.6%)
mongo-init-1  | 2026-03-12T00:57:43.320+0000	[######..................]  kowalski.ZTF_alerts_aux  8000/27948  (28.6%)
mongo-init-1  | 2026-03-12T00:57:44.320+0000	[######..................]  kowalski.ZTF_alerts_aux  8000/27948  (28.6%)
mongo-init-1  | 2026-03-12T00:57:45.319+0000	[#############...........]  kowalski.ZTF_alerts_aux  16000/27948  (57.2%)
mongo-init-1  | 2026-03-12T00:57:46.320+0000	[#############...........]  kowalski.ZTF_alerts_aux  16000/27948  (57.2%)
mongo-init-1  | 2026-03-12T00:57:47.319+0000	[#############...........]  kowalski.ZTF_alerts_aux  16000/27948  (57.2%)
mongo-init-1  | 2026-03-12T00:57:48.319+0000	[#############...........]  kowalski.ZTF_alerts_aux  16000/27948  (57.2%)
mongo-init-1  | 2026-03-12T00:57:49.319+0000	[#############...........]  kowalski.ZTF_alerts_aux  16000/27948  (57.2%)
mongo-init-1  | 2026-03-12T00:57:50.319+0000	[#############...........]  kowalski.ZTF_alerts_aux  16000/27948  (57.2%)
mongo-init-1  | 2026-03-12T00:57:51.319+0000	[#############...........]  kowalski.ZTF_alerts_aux  16000/27948  (57.2%)
mongo-init-1  | 2026-03-12T00:57:52.319+0000	[#############...........]  kowalski.ZTF_alerts_aux  16000/27948  (57.2%)
mongo-init-1  | 2026-03-12T00:57:53.321+0000	[#############...........]  kowalski.ZTF_alerts_aux  16000/27948  (57.2%)
mongo-init-1  | 2026-03-12T00:57:54.320+0000	[#############...........]  kowalski.ZTF_alerts_aux  16000/27948  (57.2%)
mongo-init-1  | 2026-03-12T00:57:55.320+0000	[#############...........]  kowalski.ZTF_alerts_aux  16000/27948  (57.2%)
mongo-init-1  | 2026-03-12T00:57:56.323+0000	[#############...........]  kowalski.ZTF_alerts_aux  16000/27948  (57.2%)
mongo-init-1  | 2026-03-12T00:57:57.319+0000	[#############...........]  kowalski.ZTF_alerts_aux  16000/27948  (57.2%)
mongo-init-1  | 2026-03-12T00:57:58.321+0000	[#############...........]  kowalski.ZTF_alerts_aux  16000/27948  (57.2%)
mongo-init-1  | 2026-03-12T00:57:59.319+0000	[#############...........]  kowalski.ZTF_alerts_aux  16000/27948  (57.2%)
mongo-init-1  | 2026-03-12T00:58:00.319+0000	[#############...........]  kowalski.ZTF_alerts_aux  16000/27948  (57.2%)
mongo-init-1  | 2026-03-12T00:58:01.319+0000	[#############...........]  kowalski.ZTF_alerts_aux  16000/27948  (57.2%)
mongo-init-1  | 2026-03-12T00:58:02.319+0000	[#############...........]  kowalski.ZTF_alerts_aux  16000/27948  (57.2%)
mongo-init-1  | 2026-03-12T00:58:03.319+0000	[#############...........]  kowalski.ZTF_alerts_aux  16000/27948  (57.2%)
mongo-init-1  | 2026-03-12T00:58:04.320+0000	[#############...........]  kowalski.ZTF_alerts_aux  16000/27948  (57.2%)
mongo-init-1  | 2026-03-12T00:58:05.319+0000	[#############...........]  kowalski.ZTF_alerts_aux  16000/27948  (57.2%)
mongo-init-1  | 2026-03-12T00:58:06.321+0000	[#############...........]  kowalski.ZTF_alerts_aux  16000/27948  (57.2%)
mongo-init-1  | 2026-03-12T00:58:07.319+0000	[#############...........]  kowalski.ZTF_alerts_aux  16000/27948  (57.2%)
mongo-init-1  | 2026-03-12T00:58:08.321+0000	[#############...........]  kowalski.ZTF_alerts_aux  16000/27948  (57.2%)
mongo-init-1  | 2026-03-12T00:58:09.321+0000	[#############...........]  kowalski.ZTF_alerts_aux  16000/27948  (57.2%)
mongo-init-1  | 2026-03-12T00:58:10.320+0000	[#############...........]  kowalski.ZTF_alerts_aux  16000/27948  (57.2%)
mongo-init-1  | 2026-03-12T00:58:11.321+0000	[#############...........]  kowalski.ZTF_alerts_aux  16000/27948  (57.2%)
mongo-init-1  | 2026-03-12T00:58:12.320+0000	[#############...........]  kowalski.ZTF_alerts_aux  16000/27948  (57.2%)
mongo-init-1  | 2026-03-12T00:58:13.320+0000	[#############...........]  kowalski.ZTF_alerts_aux  16000/27948  (57.2%)
mongo-init-1  | 2026-03-12T00:58:14.323+0000	[#############...........]  kowalski.ZTF_alerts_aux  16000/27948  (57.2%)
mongo-init-1  | 2026-03-12T00:58:15.319+0000	[#############...........]  kowalski.ZTF_alerts_aux  16000/27948  (57.2%)
mongo-init-1  | 2026-03-12T00:58:16.323+0000	[#############...........]  kowalski.ZTF_alerts_aux  16000/27948  (57.2%)
mongo-init-1  | 2026-03-12T00:58:17.320+0000	[#############...........]  kowalski.ZTF_alerts_aux  16000/27948  (57.2%)
mongo-init-1  | 2026-03-12T00:58:18.320+0000	[#############...........]  kowalski.ZTF_alerts_aux  16000/27948  (57.2%)
mongo-init-1  | 2026-03-12T00:58:19.319+0000	[#############...........]  kowalski.ZTF_alerts_aux  16000/27948  (57.2%)
mongo-init-1  | 2026-03-12T00:58:20.323+0000	[#############...........]  kowalski.ZTF_alerts_aux  16000/27948  (57.2%)
mongo-init-1  | 2026-03-12T00:58:21.324+0000	[#############...........]  kowalski.ZTF_alerts_aux  16000/27948  (57.2%)
mongo-init-1  | 2026-03-12T00:58:22.319+0000	[#############...........]  kowalski.ZTF_alerts_aux  16000/27948  (57.2%)
mongo-init-1  | 2026-03-12T00:58:23.319+0000	[#############...........]  kowalski.ZTF_alerts_aux  16000/27948  (57.2%)
mongo-init-1  | 2026-03-12T00:58:24.320+0000	[#############...........]  kowalski.ZTF_alerts_aux  16000/27948  (57.2%)
mongo-init-1  | 2026-03-12T00:58:25.319+0000	[#############...........]  kowalski.ZTF_alerts_aux  16000/27948  (57.2%)
mongo-init-1  | 2026-03-12T00:58:26.321+0000	[#############...........]  kowalski.ZTF_alerts_aux  16000/27948  (57.2%)
mongo-init-1  | 2026-03-12T00:58:27.319+0000	[#############...........]  kowalski.ZTF_alerts_aux  16000/27948  (57.2%)
mongo-init-1  | 2026-03-12T00:58:28.324+0000	[#############...........]  kowalski.ZTF_alerts_aux  16000/27948  (57.2%)
mongo-init-1  | 2026-03-12T00:58:29.319+0000	[#############...........]  kowalski.ZTF_alerts_aux  16000/27948  (57.2%)
mongo-init-1  | 2026-03-12T00:58:30.320+0000	[#############...........]  kowalski.ZTF_alerts_aux  16000/27948  (57.2%)
mongo-init-1  | 2026-03-12T00:58:31.319+0000	[#############...........]  kowalski.ZTF_alerts_aux  16000/27948  (57.2%)
mongo-init-1  | 2026-03-12T00:58:32.319+0000	[#############...........]  kowalski.ZTF_alerts_aux  16000/27948  (57.2%)
mongo-init-1  | 2026-03-12T00:58:33.322+0000	[#############...........]  kowalski.ZTF_alerts_aux  16000/27948  (57.2%)
mongo-init-1  | 2026-03-12T00:58:34.320+0000	[#############...........]  kowalski.ZTF_alerts_aux  16000/27948  (57.2%)
mongo-init-1  | 2026-03-12T00:58:35.319+0000	[#############...........]  kowalski.ZTF_alerts_aux  16000/27948  (57.2%)
mongo-init-1  | 2026-03-12T00:58:36.319+0000	[#############...........]  kowalski.ZTF_alerts_aux  16000/27948  (57.2%)
mongo-init-1  | 2026-03-12T00:58:37.320+0000	[#############...........]  kowalski.ZTF_alerts_aux  16000/27948  (57.2%)
mongo-init-1  | 2026-03-12T00:58:38.321+0000	[#############...........]  kowalski.ZTF_alerts_aux  16000/27948  (57.2%)
mongo-init-1  | 2026-03-12T00:58:39.320+0000	[#############...........]  kowalski.ZTF_alerts_aux  16000/27948  (57.2%)
mongo-init-1  | 2026-03-12T00:58:40.320+0000	[#############...........]  kowalski.ZTF_alerts_aux  16000/27948  (57.2%)
mongo-init-1  | 2026-03-12T00:58:41.319+0000	[#############...........]  kowalski.ZTF_alerts_aux  16000/27948  (57.2%)
mongo-init-1  | 2026-03-12T00:58:42.320+0000	[#############...........]  kowalski.ZTF_alerts_aux  16000/27948  (57.2%)
mongo-init-1  | 2026-03-12T00:58:43.321+0000	[#############...........]  kowalski.ZTF_alerts_aux  16000/27948  (57.2%)
mongo-init-1  | 2026-03-12T00:58:44.323+0000	[#############...........]  kowalski.ZTF_alerts_aux  16000/27948  (57.2%)
mongo-init-1  | 2026-03-12T00:58:45.320+0000	[#############...........]  kowalski.ZTF_alerts_aux  16000/27948  (57.2%)
mongo-init-1  | 2026-03-12T00:58:46.319+0000	[#############...........]  kowalski.ZTF_alerts_aux  16000/27948  (57.2%)
mongo-init-1  | 2026-03-12T00:58:47.320+0000	[#############...........]  kowalski.ZTF_alerts_aux  16000/27948  (57.2%)
mongo-init-1  | 2026-03-12T00:58:48.320+0000	[#############...........]  kowalski.ZTF_alerts_aux  16000/27948  (57.2%)
mongo-init-1  | 2026-03-12T00:58:49.322+0000	[#############...........]  kowalski.ZTF_alerts_aux  16000/27948  (57.2%)
mongo-init-1  | 2026-03-12T00:58:50.319+0000	[#############...........]  kowalski.ZTF_alerts_aux  16000/27948  (57.2%)
mongo-init-1  | 2026-03-12T00:58:51.320+0000	[#############...........]  kowalski.ZTF_alerts_aux  16000/27948  (57.2%)
mongo-init-1  | 2026-03-12T00:58:52.319+0000	[#############...........]  kowalski.ZTF_alerts_aux  16000/27948  (57.2%)
mongo-init-1  | 2026-03-12T00:58:53.320+0000	[#############...........]  kowalski.ZTF_alerts_aux  16000/27948  (57.2%)
mongo-init-1  | 2026-03-12T00:58:54.319+0000	[#############...........]  kowalski.ZTF_alerts_aux  16000/27948  (57.2%)
mongo-init-1  | 2026-03-12T00:58:55.320+0000	[#############...........]  kowalski.ZTF_alerts_aux  16000/27948  (57.2%)
mongo-init-1  | 2026-03-12T00:58:56.319+0000	[#############...........]  kowalski.ZTF_alerts_aux  16000/27948  (57.2%)
mongo-init-1  | 2026-03-12T00:58:57.319+0000	[#############...........]  kowalski.ZTF_alerts_aux  16000/27948  (57.2%)
mongo-init-1  | 2026-03-12T00:58:58.319+0000	[#############...........]  kowalski.ZTF_alerts_aux  16000/27948  (57.2%)
mongo-init-1  | 2026-03-12T00:58:59.321+0000	[#############...........]  kowalski.ZTF_alerts_aux  16000/27948  (57.2%)
mongo-init-1  | 2026-03-12T00:59:00.319+0000	[#############...........]  kowalski.ZTF_alerts_aux  16000/27948  (57.2%)
mongo-init-1  | 2026-03-12T00:59:01.321+0000	[#############...........]  kowalski.ZTF_alerts_aux  16000/27948  (57.2%)
mongo-init-1  | 2026-03-12T00:59:02.319+0000	[#############...........]  kowalski.ZTF_alerts_aux  16000/27948  (57.2%)
mongo-init-1  | 2026-03-12T00:59:03.319+0000	[#############...........]  kowalski.ZTF_alerts_aux  16000/27948  (57.2%)
mongo-init-1  | 2026-03-12T00:59:04.321+0000	[#############...........]  kowalski.ZTF_alerts_aux  16000/27948  (57.2%)
mongo-init-1  | 2026-03-12T00:59:05.320+0000	[#############...........]  kowalski.ZTF_alerts_aux  16000/27948  (57.2%)
mongo-init-1  | 2026-03-12T00:59:06.319+0000	[#############...........]  kowalski.ZTF_alerts_aux  16000/27948  (57.2%)
mongo-init-1  | 2026-03-12T00:59:07.319+0000	[#############...........]  kowalski.ZTF_alerts_aux  16000/27948  (57.2%)
mongo-init-1  | 2026-03-12T00:59:08.321+0000	[#############...........]  kowalski.ZTF_alerts_aux  16000/27948  (57.2%)
mongo-init-1  | 2026-03-12T00:59:09.319+0000	[#############...........]  kowalski.ZTF_alerts_aux  16000/27948  (57.2%)
mongo-init-1  | 2026-03-12T00:59:10.319+0000	[#############...........]  kowalski.ZTF_alerts_aux  16000/27948  (57.2%)
mongo-init-1  | 2026-03-12T00:59:11.321+0000	[#############...........]  kowalski.ZTF_alerts_aux  16000/27948  (57.2%)
mongo-init-1  | 2026-03-12T00:59:12.319+0000	[#############...........]  kowalski.ZTF_alerts_aux  16000/27948  (57.2%)
mongo-init-1  | 2026-03-12T00:59:13.320+0000	[#############...........]  kowalski.ZTF_alerts_aux  16000/27948  (57.2%)
mongo-init-1  | 2026-03-12T00:59:14.320+0000	[#############...........]  kowalski.ZTF_alerts_aux  16000/27948  (57.2%)
mongo-init-1  | 2026-03-12T00:59:15.320+0000	[#############...........]  kowalski.ZTF_alerts_aux  16000/27948  (57.2%)
mongo-init-1  | 2026-03-12T00:59:16.319+0000	[#############...........]  kowalski.ZTF_alerts_aux  16000/27948  (57.2%)
mongo-init-1  | 2026-03-12T00:59:17.320+0000	[#############...........]  kowalski.ZTF_alerts_aux  16000/27948  (57.2%)
mongo-init-1  | 2026-03-12T00:59:18.320+0000	[#############...........]  kowalski.ZTF_alerts_aux  16000/27948  (57.2%)
mongo-init-1  | 2026-03-12T00:59:19.319+0000	[#############...........]  kowalski.ZTF_alerts_aux  16000/27948  (57.2%)
mongo-init-1  | 2026-03-12T00:59:20.319+0000	[#############...........]  kowalski.ZTF_alerts_aux  16000/27948  (57.2%)
mongo-init-1  | 2026-03-12T00:59:21.319+0000	[#############...........]  kowalski.ZTF_alerts_aux  16000/27948  (57.2%)
mongo-init-1  | 2026-03-12T00:59:22.319+0000	[#############...........]  kowalski.ZTF_alerts_aux  16000/27948  (57.2%)
mongo-init-1  | 2026-03-12T00:59:23.320+0000	[#############...........]  kowalski.ZTF_alerts_aux  16000/27948  (57.2%)
mongo-init-1  | 2026-03-12T00:59:24.321+0000	[#############...........]  kowalski.ZTF_alerts_aux  16000/27948  (57.2%)
mongo-init-1  | 2026-03-12T00:59:25.319+0000	[#############...........]  kowalski.ZTF_alerts_aux  16000/27948  (57.2%)
mongo-init-1  | 2026-03-12T00:59:26.319+0000	[#############...........]  kowalski.ZTF_alerts_aux  16000/27948  (57.2%)
mongo-init-1  | 2026-03-12T00:59:27.321+0000	[#############...........]  kowalski.ZTF_alerts_aux  16000/27948  (57.2%)
mongo-init-1  | 2026-03-12T00:59:28.321+0000	[#############...........]  kowalski.ZTF_alerts_aux  16000/27948  (57.2%)
mongo-init-1  | 2026-03-12T00:59:29.319+0000	[#############...........]  kowalski.ZTF_alerts_aux  16000/27948  (57.2%)
mongo-init-1  | 2026-03-12T00:59:30.319+0000	[#############...........]  kowalski.ZTF_alerts_aux  16000/27948  (57.2%)
mongo-init-1  | 2026-03-12T00:59:31.319+0000	[#############...........]  kowalski.ZTF_alerts_aux  16000/27948  (57.2%)
mongo-init-1  | 2026-03-12T00:59:32.319+0000	[#############...........]  kowalski.ZTF_alerts_aux  16000/27948  (57.2%)
mongo-init-1  | 2026-03-12T00:59:33.319+0000	[#############...........]  kowalski.ZTF_alerts_aux  16000/27948  (57.2%)
mongo-init-1  | 2026-03-12T00:59:34.319+0000	[#############...........]  kowalski.ZTF_alerts_aux  16000/27948  (57.2%)
mongo-init-1  | 2026-03-12T00:59:35.320+0000	[#############...........]  kowalski.ZTF_alerts_aux  16000/27948  (57.2%)
mongo-init-1  | 2026-03-12T00:59:36.320+0000	[#############...........]  kowalski.ZTF_alerts_aux  16000/27948  (57.2%)
mongo-init-1  | 2026-03-12T00:59:37.319+0000	[#############...........]  kowalski.ZTF_alerts_aux  16000/27948  (57.2%)
mongo-init-1  | 2026-03-12T00:59:38.324+0000	[#############...........]  kowalski.ZTF_alerts_aux  16000/27948  (57.2%)
mongo-init-1  | 2026-03-12T00:59:39.324+0000	[#############...........]  kowalski.ZTF_alerts_aux  16000/27948  (57.2%)
mongo-init-1  | 2026-03-12T00:59:40.320+0000	[#############...........]  kowalski.ZTF_alerts_aux  16000/27948  (57.2%)
mongo-init-1  | 2026-03-12T00:59:41.320+0000	[#############...........]  kowalski.ZTF_alerts_aux  16000/27948  (57.2%)
mongo-init-1  | 2026-03-12T00:59:42.320+0000	[#############...........]  kowalski.ZTF_alerts_aux  16000/27948  (57.2%)
mongo-init-1  | 2026-03-12T00:59:43.322+0000	[#############...........]  kowalski.ZTF_alerts_aux  16000/27948  (57.2%)
mongo-init-1  | 2026-03-12T00:59:44.321+0000	[#############...........]  kowalski.ZTF_alerts_aux  16000/27948  (57.2%)
mongo-init-1  | 2026-03-12T00:59:45.320+0000	[#############...........]  kowalski.ZTF_alerts_aux  16000/27948  (57.2%)
mongo-init-1  | 2026-03-12T00:59:46.319+0000	[#############...........]  kowalski.ZTF_alerts_aux  16000/27948  (57.2%)
mongo-init-1  | 2026-03-12T00:59:47.324+0000	[#############...........]  kowalski.ZTF_alerts_aux  16000/27948  (57.2%)
mongo-init-1  | 2026-03-12T00:59:48.320+0000	[#############...........]  kowalski.ZTF_alerts_aux  16000/27948  (57.2%)
mongo-init-1  | 2026-03-12T00:59:49.321+0000	[#############...........]  kowalski.ZTF_alerts_aux  16000/27948  (57.2%)
mongo-init-1  | 2026-03-12T00:59:50.320+0000	[#############...........]  kowalski.ZTF_alerts_aux  16000/27948  (57.2%)
mongo-init-1  | 2026-03-12T00:59:51.320+0000	[#############...........]  kowalski.ZTF_alerts_aux  16000/27948  (57.2%)
mongo-init-1  | 2026-03-12T00:59:52.320+0000	[#############...........]  kowalski.ZTF_alerts_aux  16000/27948  (57.2%)
mongo-init-1  | 2026-03-12T00:59:53.321+0000	[#############...........]  kowalski.ZTF_alerts_aux  16000/27948  (57.2%)
mongo-init-1  | 2026-03-12T00:59:54.320+0000	[#############...........]  kowalski.ZTF_alerts_aux  16000/27948  (57.2%)
mongo-init-1  | 2026-03-12T00:59:55.320+0000	[#############...........]  kowalski.ZTF_alerts_aux  16000/27948  (57.2%)
mongo-init-1  | 2026-03-12T00:59:56.321+0000	[#############...........]  kowalski.ZTF_alerts_aux  16000/27948  (57.2%)
mongo-init-1  | 2026-03-12T00:59:57.320+0000	[#############...........]  kowalski.ZTF_alerts_aux  16000/27948  (57.2%)
mongo-init-1  | 2026-03-12T00:59:58.321+0000	[#############...........]  kowalski.ZTF_alerts_aux  16000/27948  (57.2%)
mongo-init-1  | 2026-03-12T00:59:59.323+0000	[#############...........]  kowalski.ZTF_alerts_aux  16000/27948  (57.2%)
mongo-init-1  | 2026-03-12T01:00:00.320+0000	[#############...........]  kowalski.ZTF_alerts_aux  16000/27948  (57.2%)
mongo-init-1  | 2026-03-12T01:00:01.321+0000	[#############...........]  kowalski.ZTF_alerts_aux  16000/27948  (57.2%)
mongo-init-1  | 2026-03-12T01:00:02.319+0000	[####################....]  kowalski.ZTF_alerts_aux  24000/27948  (85.9%)
mongo-init-1  | 2026-03-12T01:00:03.324+0000	[####################....]  kowalski.ZTF_alerts_aux  24000/27948  (85.9%)
mongo-init-1  | 2026-03-12T01:00:04.319+0000	[####################....]  kowalski.ZTF_alerts_aux  24000/27948  (85.9%)
mongo-init-1  | 2026-03-12T01:00:05.320+0000	[####################....]  kowalski.ZTF_alerts_aux  24000/27948  (85.9%)
mongo-init-1  | 2026-03-12T01:00:06.321+0000	[####################....]  kowalski.ZTF_alerts_aux  24000/27948  (85.9%)
mongo-init-1  | 2026-03-12T01:00:07.320+0000	[####################....]  kowalski.ZTF_alerts_aux  24000/27948  (85.9%)
mongo-init-1  | 2026-03-12T01:00:08.324+0000	[####################....]  kowalski.ZTF_alerts_aux  24000/27948  (85.9%)
mongo-init-1  | 2026-03-12T01:00:09.319+0000	[####################....]  kowalski.ZTF_alerts_aux  24000/27948  (85.9%)
mongo-init-1  | 2026-03-12T01:00:10.319+0000	[####################....]  kowalski.ZTF_alerts_aux  24000/27948  (85.9%)
mongo-init-1  | 2026-03-12T01:00:11.320+0000	[####################....]  kowalski.ZTF_alerts_aux  24000/27948  (85.9%)
mongo-init-1  | 2026-03-12T01:00:12.320+0000	[####################....]  kowalski.ZTF_alerts_aux  24000/27948  (85.9%)
mongo-init-1  | 2026-03-12T01:00:13.323+0000	[####################....]  kowalski.ZTF_alerts_aux  24000/27948  (85.9%)
mongo-init-1  | 2026-03-12T01:00:14.324+0000	[####################....]  kowalski.ZTF_alerts_aux  24000/27948  (85.9%)
mongo-init-1  | 2026-03-12T01:00:15.321+0000	[####################....]  kowalski.ZTF_alerts_aux  24000/27948  (85.9%)
mongo-init-1  | 2026-03-12T01:00:16.325+0000	[####################....]  kowalski.ZTF_alerts_aux  24000/27948  (85.9%)
mongo-init-1  | 2026-03-12T01:00:17.319+0000	[####################....]  kowalski.ZTF_alerts_aux  24000/27948  (85.9%)
mongo-init-1  | 2026-03-12T01:00:18.323+0000	[####################....]  kowalski.ZTF_alerts_aux  24000/27948  (85.9%)
mongo-init-1  | 2026-03-12T01:00:19.324+0000	[####################....]  kowalski.ZTF_alerts_aux  24000/27948  (85.9%)
mongo-init-1  | 2026-03-12T01:00:20.323+0000	[####################....]  kowalski.ZTF_alerts_aux  24000/27948  (85.9%)
mongo-init-1  | 2026-03-12T01:00:21.319+0000	[####################....]  kowalski.ZTF_alerts_aux  24000/27948  (85.9%)
mongo-init-1  | 2026-03-12T01:00:22.320+0000	[####################....]  kowalski.ZTF_alerts_aux  24000/27948  (85.9%)
mongo-init-1  | 2026-03-12T01:00:23.319+0000	[####################....]  kowalski.ZTF_alerts_aux  24000/27948  (85.9%)
mongo-init-1  | 2026-03-12T01:00:24.325+0000	[####################....]  kowalski.ZTF_alerts_aux  24000/27948  (85.9%)
mongo-init-1  | 2026-03-12T01:00:25.319+0000	[####################....]  kowalski.ZTF_alerts_aux  24000/27948  (85.9%)
mongo-init-1  | 2026-03-12T01:00:26.322+0000	[####################....]  kowalski.ZTF_alerts_aux  24000/27948  (85.9%)
mongo-init-1  | 2026-03-12T01:00:27.319+0000	[####################....]  kowalski.ZTF_alerts_aux  24000/27948  (85.9%)
mongo-init-1  | 2026-03-12T01:00:28.319+0000	[####################....]  kowalski.ZTF_alerts_aux  24000/27948  (85.9%)
mongo-init-1  | 2026-03-12T01:00:29.319+0000	[####################....]  kowalski.ZTF_alerts_aux  24000/27948  (85.9%)
mongo-init-1  | 2026-03-12T01:00:30.324+0000	[####################....]  kowalski.ZTF_alerts_aux  24000/27948  (85.9%)
mongo-init-1  | 2026-03-12T01:00:31.323+0000	[####################....]  kowalski.ZTF_alerts_aux  24000/27948  (85.9%)
mongo-init-1  | 2026-03-12T01:00:32.320+0000	[####################....]  kowalski.ZTF_alerts_aux  24000/27948  (85.9%)
mongo-init-1  | 2026-03-12T01:00:33.319+0000	[####################....]  kowalski.ZTF_alerts_aux  24000/27948  (85.9%)
mongo-init-1  | 2026-03-12T01:00:34.321+0000	[####################....]  kowalski.ZTF_alerts_aux  24000/27948  (85.9%)
mongo-init-1  | 2026-03-12T01:00:35.319+0000	[####################....]  kowalski.ZTF_alerts_aux  24000/27948  (85.9%)
mongo-init-1  | 2026-03-12T01:00:36.321+0000	[####################....]  kowalski.ZTF_alerts_aux  24000/27948  (85.9%)
mongo-init-1  | 2026-03-12T01:00:37.321+0000	[####################....]  kowalski.ZTF_alerts_aux  24000/27948  (85.9%)
mongo-init-1  | 2026-03-12T01:00:38.320+0000	[####################....]  kowalski.ZTF_alerts_aux  24000/27948  (85.9%)
mongo-init-1  | 2026-03-12T01:00:39.322+0000	[####################....]  kowalski.ZTF_alerts_aux  24000/27948  (85.9%)
mongo-init-1  | 2026-03-12T01:00:40.320+0000	[####################....]  kowalski.ZTF_alerts_aux  24000/27948  (85.9%)
mongo-init-1  | 2026-03-12T01:00:41.320+0000	[####################....]  kowalski.ZTF_alerts_aux  24000/27948  (85.9%)
mongo-init-1  | 2026-03-12T01:00:42.320+0000	[####################....]  kowalski.ZTF_alerts_aux  24000/27948  (85.9%)
mongo-init-1  | 2026-03-12T01:00:43.320+0000	[####################....]  kowalski.ZTF_alerts_aux  24000/27948  (85.9%)
mongo-init-1  | 2026-03-12T01:00:44.320+0000	[####################....]  kowalski.ZTF_alerts_aux  24000/27948  (85.9%)
mongo-init-1  | 2026-03-12T01:00:45.320+0000	[####################....]  kowalski.ZTF_alerts_aux  24000/27948  (85.9%)
mongo-init-1  | 2026-03-12T01:00:46.320+0000	[####################....]  kowalski.ZTF_alerts_aux  24000/27948  (85.9%)
mongo-init-1  | 2026-03-12T01:00:47.320+0000	[####################....]  kowalski.ZTF_alerts_aux  24000/27948  (85.9%)
mongo-init-1  | 2026-03-12T01:00:48.321+0000	[####################....]  kowalski.ZTF_alerts_aux  24000/27948  (85.9%)
mongo-init-1  | 2026-03-12T01:00:49.319+0000	[####################....]  kowalski.ZTF_alerts_aux  24000/27948  (85.9%)
mongo-init-1  | 2026-03-12T01:00:50.319+0000	[####################....]  kowalski.ZTF_alerts_aux  24000/27948  (85.9%)
mongo-init-1  | 2026-03-12T01:00:51.320+0000	[####################....]  kowalski.ZTF_alerts_aux  24000/27948  (85.9%)
mongo-init-1  | 2026-03-12T01:00:52.321+0000	[####################....]  kowalski.ZTF_alerts_aux  24000/27948  (85.9%)
mongo-init-1  | 2026-03-12T01:00:53.321+0000	[####################....]  kowalski.ZTF_alerts_aux  24000/27948  (85.9%)
mongo-init-1  | 2026-03-12T01:00:54.322+0000	[####################....]  kowalski.ZTF_alerts_aux  24000/27948  (85.9%)
mongo-init-1  | 2026-03-12T01:00:55.320+0000	[####################....]  kowalski.ZTF_alerts_aux  24000/27948  (85.9%)
mongo-init-1  | 2026-03-12T01:00:56.320+0000	[####################....]  kowalski.ZTF_alerts_aux  24000/27948  (85.9%)
mongo-init-1  | 2026-03-12T01:00:57.319+0000	[####################....]  kowalski.ZTF_alerts_aux  24000/27948  (85.9%)
mongo-init-1  | 2026-03-12T01:00:58.322+0000	[####################....]  kowalski.ZTF_alerts_aux  24000/27948  (85.9%)
mongo-init-1  | 2026-03-12T01:00:59.321+0000	[####################....]  kowalski.ZTF_alerts_aux  24000/27948  (85.9%)
mongo-init-1  | 2026-03-12T01:01:00.323+0000	[####################....]  kowalski.ZTF_alerts_aux  24000/27948  (85.9%)
mongo-init-1  | 2026-03-12T01:01:01.324+0000	[####################....]  kowalski.ZTF_alerts_aux  24000/27948  (85.9%)
mongo-init-1  | 2026-03-12T01:01:02.319+0000	[####################....]  kowalski.ZTF_alerts_aux  24000/27948  (85.9%)
mongo-init-1  | 2026-03-12T01:01:03.324+0000	[####################....]  kowalski.ZTF_alerts_aux  24000/27948  (85.9%)
mongo-init-1  | 2026-03-12T01:01:04.323+0000	[####################....]  kowalski.ZTF_alerts_aux  24000/27948  (85.9%)
mongo-init-1  | 2026-03-12T01:01:05.322+0000	[####################....]  kowalski.ZTF_alerts_aux  24000/27948  (85.9%)
mongo-init-1  | 2026-03-12T01:01:06.322+0000	[####################....]  kowalski.ZTF_alerts_aux  24000/27948  (85.9%)
mongo-init-1  | 2026-03-12T01:01:07.322+0000	[####################....]  kowalski.ZTF_alerts_aux  24000/27948  (85.9%)
mongo-init-1  | 2026-03-12T01:01:08.323+0000	[####################....]  kowalski.ZTF_alerts_aux  24000/27948  (85.9%)
mongo-init-1  | 2026-03-12T01:01:08.881+0000	[########################]  kowalski.ZTF_alerts_aux  27948/27948  (100.0%)
mongo-init-1  | 2026-03-12T01:01:08.881+0000	exported 27948 records
mongo-init-1  | JSON export completed: 27948 lines
mongo-init-1  | Importing ZTF_alerts_aux collection into Mongo 4
mongo-init-1  | Import result: imported 0
mongo-init-1  | Exporting ZTF_alerts_aux collection from Mongo 4 to BSON archive
mongo-init-1  | 2026-03-12T01:02:52.796+0000	writing kowalski.ZTF_alerts_aux to archive '/data/alerts/kowalski.ZTF_alerts_aux.dump.gz'
mongo-init-1  | 2026-03-12T01:02:55.781+0000	[........................]  kowalski.ZTF_alerts_aux  249/27948  (0.9%)
mongo-init-1  | 2026-03-12T01:02:58.780+0000	[........................]  kowalski.ZTF_alerts_aux  439/27948  (1.6%)
mongo-init-1  | 2026-03-12T01:03:01.785+0000	[........................]  kowalski.ZTF_alerts_aux  663/27948  (2.4%)
mongo-init-1  | 2026-03-12T01:03:04.781+0000	[........................]  kowalski.ZTF_alerts_aux  797/27948  (2.9%)
mongo-init-1  | 2026-03-12T01:03:07.781+0000	[........................]  kowalski.ZTF_alerts_aux  1011/27948  (3.6%)
mongo-init-1  | 2026-03-12T01:03:10.782+0000	[#.......................]  kowalski.ZTF_alerts_aux  1251/27948  (4.5%)
mongo-init-1  | 2026-03-12T01:03:13.781+0000	[#.......................]  kowalski.ZTF_alerts_aux  1413/27948  (5.1%)
mongo-init-1  | 2026-03-12T01:03:16.782+0000	[#.......................]  kowalski.ZTF_alerts_aux  1642/27948  (5.9%)
mongo-init-1  | 2026-03-12T01:03:19.781+0000	[#.......................]  kowalski.ZTF_alerts_aux  1863/27948  (6.7%)
mongo-init-1  | 2026-03-12T01:03:22.781+0000	[#.......................]  kowalski.ZTF_alerts_aux  2107/27948  (7.5%)
mongo-init-1  | 2026-03-12T01:03:25.783+0000	[##......................]  kowalski.ZTF_alerts_aux  2369/27948  (8.5%)
mongo-init-1  | 2026-03-12T01:03:28.783+0000	[##......................]  kowalski.ZTF_alerts_aux  2615/27948  (9.4%)
mongo-init-1  | 2026-03-12T01:03:31.785+0000	[##......................]  kowalski.ZTF_alerts_aux  2798/27948  (10.0%)
mongo-init-1  | 2026-03-12T01:03:34.782+0000	[##......................]  kowalski.ZTF_alerts_aux  3017/27948  (10.8%)
mongo-init-1  | 2026-03-12T01:03:37.782+0000	[##......................]  kowalski.ZTF_alerts_aux  3283/27948  (11.7%)
mongo-init-1  | 2026-03-12T01:03:40.782+0000	[###.....................]  kowalski.ZTF_alerts_aux  3500/27948  (12.5%)
mongo-init-1  | 2026-03-12T01:03:43.783+0000	[###.....................]  kowalski.ZTF_alerts_aux  3683/27948  (13.2%)
mongo-init-1  | 2026-03-12T01:03:46.782+0000	[###.....................]  kowalski.ZTF_alerts_aux  3901/27948  (14.0%)
mongo-init-1  | 2026-03-12T01:03:49.783+0000	[###.....................]  kowalski.ZTF_alerts_aux  4106/27948  (14.7%)
mongo-init-1  | 2026-03-12T01:03:52.783+0000	[###.....................]  kowalski.ZTF_alerts_aux  4303/27948  (15.4%)
mongo-init-1  | 2026-03-12T01:03:55.783+0000	[###.....................]  kowalski.ZTF_alerts_aux  4483/27948  (16.0%)
mongo-init-1  | 2026-03-12T01:03:58.786+0000	[####....................]  kowalski.ZTF_alerts_aux  4710/27948  (16.9%)
mongo-init-1  | 2026-03-12T01:04:01.782+0000	[####....................]  kowalski.ZTF_alerts_aux  4912/27948  (17.6%)
mongo-init-1  | 2026-03-12T01:04:04.782+0000	[####....................]  kowalski.ZTF_alerts_aux  5158/27948  (18.5%)
mongo-init-1  | 2026-03-12T01:04:07.785+0000	[####....................]  kowalski.ZTF_alerts_aux  5378/27948  (19.2%)
mongo-init-1  | 2026-03-12T01:04:10.781+0000	[####....................]  kowalski.ZTF_alerts_aux  5585/27948  (20.0%)
mongo-init-1  | 2026-03-12T01:04:13.781+0000	[####....................]  kowalski.ZTF_alerts_aux  5762/27948  (20.6%)
mongo-init-1  | 2026-03-12T01:04:16.784+0000	[#####...................]  kowalski.ZTF_alerts_aux  5977/27948  (21.4%)
mongo-init-1  | 2026-03-12T01:04:19.782+0000	[#####...................]  kowalski.ZTF_alerts_aux  6164/27948  (22.1%)
mongo-init-1  | 2026-03-12T01:04:22.782+0000	[#####...................]  kowalski.ZTF_alerts_aux  6367/27948  (22.8%)
mongo-init-1  | 2026-03-12T01:04:25.785+0000	[#####...................]  kowalski.ZTF_alerts_aux  6600/27948  (23.6%)
mongo-init-1  | 2026-03-12T01:04:28.786+0000	[#####...................]  kowalski.ZTF_alerts_aux  6802/27948  (24.3%)
mongo-init-1  | 2026-03-12T01:04:31.786+0000	[######..................]  kowalski.ZTF_alerts_aux  7039/27948  (25.2%)
mongo-init-1  | 2026-03-12T01:04:34.781+0000	[######..................]  kowalski.ZTF_alerts_aux  7309/27948  (26.2%)
mongo-init-1  | 2026-03-12T01:04:37.783+0000	[######..................]  kowalski.ZTF_alerts_aux  7553/27948  (27.0%)
mongo-init-1  | 2026-03-12T01:04:40.782+0000	[######..................]  kowalski.ZTF_alerts_aux  7740/27948  (27.7%)
mongo-init-1  | 2026-03-12T01:04:43.783+0000	[######..................]  kowalski.ZTF_alerts_aux  8008/27948  (28.7%)
mongo-init-1  | 2026-03-12T01:04:46.784+0000	[#######.................]  kowalski.ZTF_alerts_aux  8180/27948  (29.3%)
mongo-init-1  | 2026-03-12T01:04:49.783+0000	[#######.................]  kowalski.ZTF_alerts_aux  8403/27948  (30.1%)
mongo-init-1  | 2026-03-12T01:04:52.783+0000	[#######.................]  kowalski.ZTF_alerts_aux  8655/27948  (31.0%)
mongo-init-1  | 2026-03-12T01:04:55.786+0000	[#######.................]  kowalski.ZTF_alerts_aux  8860/27948  (31.7%)
mongo-init-1  | 2026-03-12T01:04:58.782+0000	[#######.................]  kowalski.ZTF_alerts_aux  9063/27948  (32.4%)
mongo-init-1  | 2026-03-12T01:05:01.787+0000	[#######.................]  kowalski.ZTF_alerts_aux  9277/27948  (33.2%)
mongo-init-1  | 2026-03-12T01:05:04.786+0000	[########................]  kowalski.ZTF_alerts_aux  9514/27948  (34.0%)
mongo-init-1  | 2026-03-12T01:05:07.782+0000	[########................]  kowalski.ZTF_alerts_aux  9726/27948  (34.8%)
mongo-init-1  | 2026-03-12T01:05:10.781+0000	[########................]  kowalski.ZTF_alerts_aux  9904/27948  (35.4%)
mongo-init-1  | 2026-03-12T01:05:13.783+0000	[########................]  kowalski.ZTF_alerts_aux  10173/27948  (36.4%)
mongo-init-1  | 2026-03-12T01:05:16.785+0000	[########................]  kowalski.ZTF_alerts_aux  10418/27948  (37.3%)
mongo-init-1  | 2026-03-12T01:05:19.782+0000	[#########...............]  kowalski.ZTF_alerts_aux  10664/27948  (38.2%)
mongo-init-1  | 2026-03-12T01:05:22.782+0000	[#########...............]  kowalski.ZTF_alerts_aux  10910/27948  (39.0%)
mongo-init-1  | 2026-03-12T01:05:25.783+0000	[#########...............]  kowalski.ZTF_alerts_aux  11135/27948  (39.8%)
mongo-init-1  | 2026-03-12T01:05:28.782+0000	[#########...............]  kowalski.ZTF_alerts_aux  11366/27948  (40.7%)
mongo-init-1  | 2026-03-12T01:05:31.781+0000	[#########...............]  kowalski.ZTF_alerts_aux  11532/27948  (41.3%)
mongo-init-1  | 2026-03-12T01:05:34.787+0000	[##########..............]  kowalski.ZTF_alerts_aux  11797/27948  (42.2%)
mongo-init-1  | 2026-03-12T01:05:37.786+0000	[##########..............]  kowalski.ZTF_alerts_aux  11966/27948  (42.8%)
mongo-init-1  | 2026-03-12T01:05:40.782+0000	[##########..............]  kowalski.ZTF_alerts_aux  12203/27948  (43.7%)
mongo-init-1  | 2026-03-12T01:05:43.783+0000	[##########..............]  kowalski.ZTF_alerts_aux  12417/27948  (44.4%)
mongo-init-1  | 2026-03-12T01:05:46.782+0000	[##########..............]  kowalski.ZTF_alerts_aux  12597/27948  (45.1%)
mongo-init-1  | 2026-03-12T01:05:49.786+0000	[###########.............]  kowalski.ZTF_alerts_aux  12821/27948  (45.9%)
mongo-init-1  | 2026-03-12T01:05:52.783+0000	[###########.............]  kowalski.ZTF_alerts_aux  13104/27948  (46.9%)
mongo-init-1  | 2026-03-12T01:05:55.786+0000	[###########.............]  kowalski.ZTF_alerts_aux  13312/27948  (47.6%)
mongo-init-1  | 2026-03-12T01:05:58.783+0000	[###########.............]  kowalski.ZTF_alerts_aux  13449/27948  (48.1%)
mongo-init-1  | 2026-03-12T01:06:01.783+0000	[###########.............]  kowalski.ZTF_alerts_aux  13706/27948  (49.0%)
mongo-init-1  | 2026-03-12T01:06:04.783+0000	[###########.............]  kowalski.ZTF_alerts_aux  13852/27948  (49.6%)
mongo-init-1  | 2026-03-12T01:06:07.786+0000	[############............]  kowalski.ZTF_alerts_aux  14064/27948  (50.3%)
mongo-init-1  | 2026-03-12T01:06:10.782+0000	[############............]  kowalski.ZTF_alerts_aux  14285/27948  (51.1%)
mongo-init-1  | 2026-03-12T01:06:13.782+0000	[############............]  kowalski.ZTF_alerts_aux  14514/27948  (51.9%)
mongo-init-1  | 2026-03-12T01:06:16.783+0000	[############............]  kowalski.ZTF_alerts_aux  14791/27948  (52.9%)
mongo-init-1  | 2026-03-12T01:06:19.784+0000	[############............]  kowalski.ZTF_alerts_aux  14925/27948  (53.4%)
mongo-init-1  | 2026-03-12T01:06:22.782+0000	[#############...........]  kowalski.ZTF_alerts_aux  15157/27948  (54.2%)
mongo-init-1  | 2026-03-12T01:06:25.782+0000	[#############...........]  kowalski.ZTF_alerts_aux  15398/27948  (55.1%)
mongo-init-1  | 2026-03-12T01:06:28.782+0000	[#############...........]  kowalski.ZTF_alerts_aux  15636/27948  (55.9%)
mongo-init-1  | 2026-03-12T01:06:31.783+0000	[#############...........]  kowalski.ZTF_alerts_aux  15802/27948  (56.5%)
mongo-init-1  | 2026-03-12T01:06:34.783+0000	[#############...........]  kowalski.ZTF_alerts_aux  16051/27948  (57.4%)
mongo-init-1  | 2026-03-12T01:06:37.785+0000	[#############...........]  kowalski.ZTF_alerts_aux  16255/27948  (58.2%)
mongo-init-1  | 2026-03-12T01:06:40.782+0000	[##############..........]  kowalski.ZTF_alerts_aux  16464/27948  (58.9%)
mongo-init-1  | 2026-03-12T01:06:43.783+0000	[##############..........]  kowalski.ZTF_alerts_aux  16697/27948  (59.7%)
mongo-init-1  | 2026-03-12T01:06:46.784+0000	[##############..........]  kowalski.ZTF_alerts_aux  16882/27948  (60.4%)
mongo-init-1  | 2026-03-12T01:06:49.783+0000	[##############..........]  kowalski.ZTF_alerts_aux  17157/27948  (61.4%)
mongo-init-1  | 2026-03-12T01:06:52.786+0000	[##############..........]  kowalski.ZTF_alerts_aux  17359/27948  (62.1%)
mongo-init-1  | 2026-03-12T01:06:55.782+0000	[###############.........]  kowalski.ZTF_alerts_aux  17614/27948  (63.0%)
mongo-init-1  | 2026-03-12T01:06:58.787+0000	[###############.........]  kowalski.ZTF_alerts_aux  17857/27948  (63.9%)
mongo-init-1  | 2026-03-12T01:07:01.783+0000	[###############.........]  kowalski.ZTF_alerts_aux  18019/27948  (64.5%)
mongo-init-1  | 2026-03-12T01:07:04.785+0000	[###############.........]  kowalski.ZTF_alerts_aux  18249/27948  (65.3%)
mongo-init-1  | 2026-03-12T01:07:07.787+0000	[###############.........]  kowalski.ZTF_alerts_aux  18503/27948  (66.2%)
mongo-init-1  | 2026-03-12T01:07:10.783+0000	[################........]  kowalski.ZTF_alerts_aux  18772/27948  (67.2%)
mongo-init-1  | 2026-03-12T01:07:13.785+0000	[################........]  kowalski.ZTF_alerts_aux  19053/27948  (68.2%)
mongo-init-1  | 2026-03-12T01:07:16.783+0000	[################........]  kowalski.ZTF_alerts_aux  19204/27948  (68.7%)
mongo-init-1  | 2026-03-12T01:07:19.783+0000	[################........]  kowalski.ZTF_alerts_aux  19501/27948  (69.8%)
mongo-init-1  | 2026-03-12T01:07:22.782+0000	[################........]  kowalski.ZTF_alerts_aux  19771/27948  (70.7%)
mongo-init-1  | 2026-03-12T01:07:25.787+0000	[#################.......]  kowalski.ZTF_alerts_aux  19999/27948  (71.6%)
mongo-init-1  | 2026-03-12T01:07:28.784+0000	[#################.......]  kowalski.ZTF_alerts_aux  20209/27948  (72.3%)
mongo-init-1  | 2026-03-12T01:07:31.783+0000	[#################.......]  kowalski.ZTF_alerts_aux  20379/27948  (72.9%)
mongo-init-1  | 2026-03-12T01:07:34.782+0000	[#################.......]  kowalski.ZTF_alerts_aux  20638/27948  (73.8%)
mongo-init-1  | 2026-03-12T01:07:37.783+0000	[#################.......]  kowalski.ZTF_alerts_aux  20877/27948  (74.7%)
mongo-init-1  | 2026-03-12T01:07:40.783+0000	[##################......]  kowalski.ZTF_alerts_aux  21074/27948  (75.4%)
mongo-init-1  | 2026-03-12T01:07:43.782+0000	[##################......]  kowalski.ZTF_alerts_aux  21315/27948  (76.3%)
mongo-init-1  | 2026-03-12T01:07:46.783+0000	[##################......]  kowalski.ZTF_alerts_aux  21556/27948  (77.1%)
mongo-init-1  | 2026-03-12T01:07:49.783+0000	[##################......]  kowalski.ZTF_alerts_aux  21743/27948  (77.8%)
mongo-init-1  | 2026-03-12T01:07:52.784+0000	[##################......]  kowalski.ZTF_alerts_aux  21923/27948  (78.4%)
mongo-init-1  | 2026-03-12T01:07:55.785+0000	[###################.....]  kowalski.ZTF_alerts_aux  22139/27948  (79.2%)
mongo-init-1  | 2026-03-12T01:07:58.784+0000	[###################.....]  kowalski.ZTF_alerts_aux  22340/27948  (79.9%)
mongo-init-1  | 2026-03-12T01:08:01.786+0000	[###################.....]  kowalski.ZTF_alerts_aux  22511/27948  (80.5%)
mongo-init-1  | 2026-03-12T01:08:04.783+0000	[###################.....]  kowalski.ZTF_alerts_aux  22797/27948  (81.6%)
mongo-init-1  | 2026-03-12T01:08:07.785+0000	[###################.....]  kowalski.ZTF_alerts_aux  22956/27948  (82.1%)
mongo-init-1  | 2026-03-12T01:08:10.788+0000	[###################.....]  kowalski.ZTF_alerts_aux  23161/27948  (82.9%)
mongo-init-1  | 2026-03-12T01:08:13.783+0000	[####################....]  kowalski.ZTF_alerts_aux  23325/27948  (83.5%)
mongo-init-1  | 2026-03-12T01:08:16.786+0000	[####################....]  kowalski.ZTF_alerts_aux  23565/27948  (84.3%)
mongo-init-1  | 2026-03-12T01:08:19.783+0000	[####################....]  kowalski.ZTF_alerts_aux  23770/27948  (85.1%)
mongo-init-1  | 2026-03-12T01:08:22.786+0000	[####################....]  kowalski.ZTF_alerts_aux  24002/27948  (85.9%)
mongo-init-1  | 2026-03-12T01:08:25.782+0000	[####################....]  kowalski.ZTF_alerts_aux  24156/27948  (86.4%)
mongo-init-1  | 2026-03-12T01:08:28.784+0000	[####################....]  kowalski.ZTF_alerts_aux  24332/27948  (87.1%)
mongo-init-1  | 2026-03-12T01:08:31.787+0000	[#####################...]  kowalski.ZTF_alerts_aux  24523/27948  (87.7%)
mongo-init-1  | 2026-03-12T01:08:34.783+0000	[#####################...]  kowalski.ZTF_alerts_aux  24716/27948  (88.4%)
mongo-init-1  | 2026-03-12T01:08:37.787+0000	[#####################...]  kowalski.ZTF_alerts_aux  24912/27948  (89.1%)
mongo-init-1  | 2026-03-12T01:08:40.784+0000	[#####################...]  kowalski.ZTF_alerts_aux  25151/27948  (90.0%)
mongo-init-1  | 2026-03-12T01:08:43.786+0000	[#####################...]  kowalski.ZTF_alerts_aux  25353/27948  (90.7%)
mongo-init-1  | 2026-03-12T01:08:46.782+0000	[#####################...]  kowalski.ZTF_alerts_aux  25585/27948  (91.5%)
mongo-init-1  | 2026-03-12T01:08:49.785+0000	[######################..]  kowalski.ZTF_alerts_aux  25795/27948  (92.3%)
mongo-init-1  | 2026-03-12T01:08:52.782+0000	[######################..]  kowalski.ZTF_alerts_aux  25970/27948  (92.9%)
mongo-init-1  | 2026-03-12T01:08:55.784+0000	[######################..]  kowalski.ZTF_alerts_aux  26155/27948  (93.6%)
mongo-init-1  | 2026-03-12T01:08:58.785+0000	[######################..]  kowalski.ZTF_alerts_aux  26369/27948  (94.4%)
mongo-init-1  | 2026-03-12T01:09:01.788+0000	[######################..]  kowalski.ZTF_alerts_aux  26576/27948  (95.1%)
mongo-init-1  | 2026-03-12T01:09:04.785+0000	[#######################.]  kowalski.ZTF_alerts_aux  26818/27948  (96.0%)
mongo-init-1  | 2026-03-12T01:09:07.785+0000	[#######################.]  kowalski.ZTF_alerts_aux  26997/27948  (96.6%)
mongo-init-1  | 2026-03-12T01:09:10.788+0000	[#######################.]  kowalski.ZTF_alerts_aux  27247/27948  (97.5%)
mongo-init-1  | 2026-03-12T01:09:13.785+0000	[#######################.]  kowalski.ZTF_alerts_aux  27475/27948  (98.3%)
mongo-init-1  | 2026-03-12T01:09:16.783+0000	[#######################.]  kowalski.ZTF_alerts_aux  27729/27948  (99.2%)
mongo-init-1  | 2026-03-12T01:09:19.784+0000	[#######################.]  kowalski.ZTF_alerts_aux  27896/27948  (99.8%)
mongo-init-1  | 2026-03-12T01:09:20.883+0000	[########################]  kowalski.ZTF_alerts_aux  27948/27948  (100.0%)
mongo-init-1  | 2026-03-12T01:09:21.271+0000	done dumping kowalski.ZTF_alerts_aux (27948 documents)
mongo-init-1  | Final archive created: 1.4G
mongo-init-1  | MongoDB initialization script completed successfully
